2026-09-14 00:40:23,634 - Data directory: data/2026-09-14_00-40-17
2026-09-14 00:40:23,634 - Output directory: data/2026-09-14_00-40-17
2026-09-14 00:40:23,635 - Fetch all mode: True
2026-09-14 00:40:23,635 - Using data directory: data/2026-09-14_00-40-17
2026-09-14 00:40:23,635 - Looking for previous data in: data
2026-09-14 00:40:23,645 - Loading previous data from: data/2025-10-06_01-28-33/morphosource_data_complete.json
2026-09-14 00:40:24,026 - Loaded 108782 records from previous data file
2026-09-14 00:40:24,026 - Latest stored record ID: 000781814
2026-09-14 00:40:24,026 - Previous record count: 108782
2026-09-14 00:40:24,026 - === FULL FETCH MODE: Collecting all records from all pages ===
2026-09-14 00:40:24,026 - Fetching page 1 via API
2026-09-14 00:40:24,800 - API error on page 1: Network error: Expecting value: line 1 column 1 (char 0) (error 1/5)
2026-09-14 00:40:29,805 - Fetching page 1 via API
2026-09-14 00:40:29,874 - API error on page 1: Network error: Expecting value: line 1 column 1 (char 0) (error 2/5)
2026-09-14 00:40:34,880 - Fetching page 1 via API
2026-09-14 00:40:34,949 - API error on page 1: Network error: Expecting value: line 1 column 1 (char 0) (error 3/5)
2026-09-14 00:40:39,954 - Fetching page 1 via API
2026-09-14 00:40:40,023 - API error on page 1: Network error: Expecting value: line 1 column 1 (char 0) (error 4/5)
2026-09-14 00:40:45,029 - Fetching page 1 via API
2026-09-14 00:40:45,099 - API error on page 1: Network error: Expecting value: line 1 column 1 (char 0) (error 5/5)
2026-09-14 00:40:45,099 - Error getting records: Network error: Expecting value: line 1 column 1 (char 0)
2026-09-14 00:40:45,099 - Error in daily check: Network error: Expecting value: line 1 column 1 (char 0)
