2026-07-25 02:44:03,543 - Data directory: data/2026-07-25_02-43-59
2026-07-25 02:44:03,543 - Output directory: data/2026-07-25_02-43-59
2026-07-25 02:44:03,543 - Fetch all mode: True
2026-07-25 02:44:03,543 - Using data directory: data/2026-07-25_02-43-59
2026-07-25 02:44:03,543 - Looking for previous data in: data
2026-07-25 02:44:03,552 - Loading previous data from: data/2025-10-06_01-28-33/morphosource_data_complete.json
2026-07-25 02:44:03,962 - Loaded 108782 records from previous data file
2026-07-25 02:44:03,962 - Latest stored record ID: 000781814
2026-07-25 02:44:03,962 - Previous record count: 108782
2026-07-25 02:44:03,962 - === FULL FETCH MODE: Collecting all records from all pages ===
2026-07-25 02:44:03,963 - Fetching page 1 via API
2026-07-25 02:44:14,439 - Retrying (Retry(total=2, connect=None, read=None, redirect=None, status=None)) after connection broken by 'ConnectTimeoutError(<HTTPSConnection(host='www.morphosource.org', port=443) at 0x7f34e420b8b0>, 'Connection to www.morphosource.org timed out. (connect timeout=10)')': /catalog.json?q=X-Ray+Computed+Tomography&search_field=all_fields&sort=system_create_dtsi+desc&page=1&per_page=100
2026-07-25 02:44:34,491 - Retrying (Retry(total=1, connect=None, read=None, redirect=None, status=None)) after connection broken by 'ConnectTimeoutError(<HTTPSConnection(host='www.morphosource.org', port=443) at 0x7f34e420bac0>, 'Connection to www.morphosource.org timed out. (connect timeout=10)')': /catalog.json?q=X-Ray+Computed+Tomography&search_field=all_fields&sort=system_create_dtsi+desc&page=1&per_page=100
2026-07-25 02:45:04,548 - Retrying (Retry(total=0, connect=None, read=None, redirect=None, status=None)) after connection broken by 'ConnectTimeoutError(<HTTPSConnection(host='www.morphosource.org', port=443) at 0x7f34e420bc70>, 'Connection to www.morphosource.org timed out. (connect timeout=10)')': /catalog.json?q=X-Ray+Computed+Tomography&search_field=all_fields&sort=system_create_dtsi+desc&page=1&per_page=100
2026-07-25 02:45:14,752 - API error on page 1: Network error: HTTPSConnectionPool(host='www.morphosource.org', port=443): Max retries exceeded with url: /catalog.json?q=X-Ray+Computed+Tomography&search_field=all_fields&sort=system_create_dtsi+desc&page=1&per_page=100 (Caused by ConnectTimeoutError(<HTTPSConnection(host='www.morphosource.org', port=443) at 0x7f34e420be20>, 'Connection to www.morphosource.org timed out. (connect timeout=10)')) (error 1/5)
2026-07-25 02:45:19,758 - Fetching page 1 via API
2026-07-25 02:45:30,121 - Retrying (Retry(total=2, connect=None, read=None, redirect=None, status=None)) after connection broken by 'ConnectTimeoutError(<HTTPSConnection(host='www.morphosource.org', port=443) at 0x7f34d1b98190>, 'Connection to www.morphosource.org timed out. (connect timeout=10)')': /catalog.json?q=X-Ray+Computed+Tomography&search_field=all_fields&sort=system_create_dtsi+desc&page=1&per_page=100
2026-07-25 02:45:50,333 - Retrying (Retry(total=1, connect=None, read=None, redirect=None, status=None)) after connection broken by 'ConnectTimeoutError(<HTTPSConnection(host='www.morphosource.org', port=443) at 0x7f34d1b98370>, 'Connection to www.morphosource.org timed out. (connect timeout=10)')': /catalog.json?q=X-Ray+Computed+Tomography&search_field=all_fields&sort=system_create_dtsi+desc&page=1&per_page=100
2026-07-25 02:46:20,367 - Retrying (Retry(total=0, connect=None, read=None, redirect=None, status=None)) after connection broken by 'ConnectTimeoutError(<HTTPSConnection(host='www.morphosource.org', port=443) at 0x7f34d1b98520>, 'Connection to www.morphosource.org timed out. (connect timeout=10)')': /catalog.json?q=X-Ray+Computed+Tomography&search_field=all_fields&sort=system_create_dtsi+desc&page=1&per_page=100
2026-07-25 02:46:30,406 - API error on page 1: Network error: HTTPSConnectionPool(host='www.morphosource.org', port=443): Max retries exceeded with url: /catalog.json?q=X-Ray+Computed+Tomography&search_field=all_fields&sort=system_create_dtsi+desc&page=1&per_page=100 (Caused by ConnectTimeoutError(<HTTPSConnection(host='www.morphosource.org', port=443) at 0x7f34d1b986d0>, 'Connection to www.morphosource.org timed out. (connect timeout=10)')) (error 2/5)
2026-07-25 02:46:35,411 - Fetching page 1 via API
2026-07-25 02:46:45,501 - Retrying (Retry(total=2, connect=None, read=None, redirect=None, status=None)) after connection broken by 'ConnectTimeoutError(<HTTPSConnection(host='www.morphosource.org', port=443) at 0x7f34d1b98a00>, 'Connection to www.morphosource.org timed out. (connect timeout=10)')': /catalog.json?q=X-Ray+Computed+Tomography&search_field=all_fields&sort=system_create_dtsi+desc&page=1&per_page=100
2026-07-25 02:47:05,716 - Retrying (Retry(total=1, connect=None, read=None, redirect=None, status=None)) after connection broken by 'ConnectTimeoutError(<HTTPSConnection(host='www.morphosource.org', port=443) at 0x7f34d1b98be0>, 'Connection to www.morphosource.org timed out. (connect timeout=10)')': /catalog.json?q=X-Ray+Computed+Tomography&search_field=all_fields&sort=system_create_dtsi+desc&page=1&per_page=100
2026-07-25 02:47:35,940 - Retrying (Retry(total=0, connect=None, read=None, redirect=None, status=None)) after connection broken by 'ConnectTimeoutError(<HTTPSConnection(host='www.morphosource.org', port=443) at 0x7f34d1b98d90>, 'Connection to www.morphosource.org timed out. (connect timeout=10)')': /catalog.json?q=X-Ray+Computed+Tomography&search_field=all_fields&sort=system_create_dtsi+desc&page=1&per_page=100
2026-07-25 02:47:45,955 - API error on page 1: Network error: HTTPSConnectionPool(host='www.morphosource.org', port=443): Max retries exceeded with url: /catalog.json?q=X-Ray+Computed+Tomography&search_field=all_fields&sort=system_create_dtsi+desc&page=1&per_page=100 (Caused by ConnectTimeoutError(<HTTPSConnection(host='www.morphosource.org', port=443) at 0x7f34d1b98f40>, 'Connection to www.morphosource.org timed out. (connect timeout=10)')) (error 3/5)
2026-07-25 02:47:50,960 - Fetching page 1 via API
2026-07-25 02:48:01,201 - Retrying (Retry(total=2, connect=None, read=None, redirect=None, status=None)) after connection broken by 'ConnectTimeoutError(<HTTPSConnection(host='www.morphosource.org', port=443) at 0x7f34d1b99270>, 'Connection to www.morphosource.org timed out. (connect timeout=10)')': /catalog.json?q=X-Ray+Computed+Tomography&search_field=all_fields&sort=system_create_dtsi+desc&page=1&per_page=100
2026-07-25 02:48:21,411 - Retrying (Retry(total=1, connect=None, read=None, redirect=None, status=None)) after connection broken by 'ConnectTimeoutError(<HTTPSConnection(host='www.morphosource.org', port=443) at 0x7f34d1b99450>, 'Connection to www.morphosource.org timed out. (connect timeout=10)')': /catalog.json?q=X-Ray+Computed+Tomography&search_field=all_fields&sort=system_create_dtsi+desc&page=1&per_page=100
2026-07-25 02:48:51,447 - Retrying (Retry(total=0, connect=None, read=None, redirect=None, status=None)) after connection broken by 'ConnectTimeoutError(<HTTPSConnection(host='www.morphosource.org', port=443) at 0x7f34d1b99600>, 'Connection to www.morphosource.org timed out. (connect timeout=10)')': /catalog.json?q=X-Ray+Computed+Tomography&search_field=all_fields&sort=system_create_dtsi+desc&page=1&per_page=100
2026-07-25 02:49:01,654 - API error on page 1: Network error: HTTPSConnectionPool(host='www.morphosource.org', port=443): Max retries exceeded with url: /catalog.json?q=X-Ray+Computed+Tomography&search_field=all_fields&sort=system_create_dtsi+desc&page=1&per_page=100 (Caused by ConnectTimeoutError(<HTTPSConnection(host='www.morphosource.org', port=443) at 0x7f34d1b997b0>, 'Connection to www.morphosource.org timed out. (connect timeout=10)')) (error 4/5)
2026-07-25 02:49:06,660 - Fetching page 1 via API
2026-07-25 02:49:17,029 - Retrying (Retry(total=2, connect=None, read=None, redirect=None, status=None)) after connection broken by 'ConnectTimeoutError(<HTTPSConnection(host='www.morphosource.org', port=443) at 0x7f34e420bd90>, 'Connection to www.morphosource.org timed out. (connect timeout=10)')': /catalog.json?q=X-Ray+Computed+Tomography&search_field=all_fields&sort=system_create_dtsi+desc&page=1&per_page=100
2026-07-25 02:49:37,051 - Retrying (Retry(total=1, connect=None, read=None, redirect=None, status=None)) after connection broken by 'ConnectTimeoutError(<HTTPSConnection(host='www.morphosource.org', port=443) at 0x7f34d1b99ae0>, 'Connection to www.morphosource.org timed out. (connect timeout=10)')': /catalog.json?q=X-Ray+Computed+Tomography&search_field=all_fields&sort=system_create_dtsi+desc&page=1&per_page=100
2026-07-25 02:50:07,331 - Retrying (Retry(total=0, connect=None, read=None, redirect=None, status=None)) after connection broken by 'ConnectTimeoutError(<HTTPSConnection(host='www.morphosource.org', port=443) at 0x7f34d1b993c0>, 'Connection to www.morphosource.org timed out. (connect timeout=10)')': /catalog.json?q=X-Ray+Computed+Tomography&search_field=all_fields&sort=system_create_dtsi+desc&page=1&per_page=100
2026-07-25 02:50:17,540 - API error on page 1: Network error: HTTPSConnectionPool(host='www.morphosource.org', port=443): Max retries exceeded with url: /catalog.json?q=X-Ray+Computed+Tomography&search_field=all_fields&sort=system_create_dtsi+desc&page=1&per_page=100 (Caused by ConnectTimeoutError(<HTTPSConnection(host='www.morphosource.org', port=443) at 0x7f34d1b99690>, 'Connection to www.morphosource.org timed out. (connect timeout=10)')) (error 5/5)
2026-07-25 02:50:17,541 - Error getting records: Network error: HTTPSConnectionPool(host='www.morphosource.org', port=443): Max retries exceeded with url: /catalog.json?q=X-Ray+Computed+Tomography&search_field=all_fields&sort=system_create_dtsi+desc&page=1&per_page=100 (Caused by ConnectTimeoutError(<HTTPSConnection(host='www.morphosource.org', port=443) at 0x7f34d1b99690>, 'Connection to www.morphosource.org timed out. (connect timeout=10)'))
2026-07-25 02:50:17,541 - Error in daily check: Network error: HTTPSConnectionPool(host='www.morphosource.org', port=443): Max retries exceeded with url: /catalog.json?q=X-Ray+Computed+Tomography&search_field=all_fields&sort=system_create_dtsi+desc&page=1&per_page=100 (Caused by ConnectTimeoutError(<HTTPSConnection(host='www.morphosource.org', port=443) at 0x7f34d1b99690>, 'Connection to www.morphosource.org timed out. (connect timeout=10)'))
