2026-08-14 00:28:59,455 - Data directory: data/2026-08-14_00-28-57
2026-08-14 00:28:59,455 - Output directory: data/2026-08-14_00-28-57
2026-08-14 00:28:59,455 - Fetch all mode: True
2026-08-14 00:28:59,456 - Using data directory: data/2026-08-14_00-28-57
2026-08-14 00:28:59,456 - Looking for previous data in: data
2026-08-14 00:28:59,463 - Loading previous data from: data/2025-10-06_01-28-33/morphosource_data_complete.json
2026-08-14 00:28:59,851 - Loaded 108782 records from previous data file
2026-08-14 00:28:59,851 - Latest stored record ID: 000781814
2026-08-14 00:28:59,851 - Previous record count: 108782
2026-08-14 00:28:59,851 - === FULL FETCH MODE: Collecting all records from all pages ===
2026-08-14 00:28:59,851 - Fetching page 1 via API
2026-08-14 00:29:00,311 - API error on page 1: Network error: Expecting value: line 1 column 1 (char 0) (error 1/5)
2026-08-14 00:29:05,316 - Fetching page 1 via API
2026-08-14 00:29:05,361 - API error on page 1: Network error: Expecting value: line 1 column 1 (char 0) (error 2/5)
2026-08-14 00:29:10,366 - Fetching page 1 via API
2026-08-14 00:29:10,410 - API error on page 1: Network error: Expecting value: line 1 column 1 (char 0) (error 3/5)
2026-08-14 00:29:15,416 - Fetching page 1 via API
2026-08-14 00:29:15,460 - API error on page 1: Network error: Expecting value: line 1 column 1 (char 0) (error 4/5)
2026-08-14 00:29:20,465 - Fetching page 1 via API
2026-08-14 00:29:20,510 - API error on page 1: Network error: Expecting value: line 1 column 1 (char 0) (error 5/5)
2026-08-14 00:29:20,510 - Error getting records: Network error: Expecting value: line 1 column 1 (char 0)
2026-08-14 00:29:20,510 - Error in daily check: Network error: Expecting value: line 1 column 1 (char 0)
