2026-08-30 00:39:52,433 - Data directory: data/2026-08-30_00-39-50
2026-08-30 00:39:52,433 - Output directory: data/2026-08-30_00-39-50
2026-08-30 00:39:52,433 - Fetch all mode: True
2026-08-30 00:39:52,433 - Using data directory: data/2026-08-30_00-39-50
2026-08-30 00:39:52,433 - Looking for previous data in: data
2026-08-30 00:39:52,443 - Loading previous data from: data/2025-10-06_01-28-33/morphosource_data_complete.json
2026-08-30 00:39:52,819 - Loaded 108782 records from previous data file
2026-08-30 00:39:52,819 - Latest stored record ID: 000781814
2026-08-30 00:39:52,819 - Previous record count: 108782
2026-08-30 00:39:52,819 - === FULL FETCH MODE: Collecting all records from all pages ===
2026-08-30 00:39:52,819 - Fetching page 1 via API
2026-08-30 00:39:52,958 - API error on page 1: Network error: Expecting value: line 1 column 1 (char 0) (error 1/5)
2026-08-30 00:39:57,960 - Fetching page 1 via API
2026-08-30 00:39:57,980 - API error on page 1: Network error: Expecting value: line 1 column 1 (char 0) (error 2/5)
2026-08-30 00:40:02,985 - Fetching page 1 via API
2026-08-30 00:40:03,011 - API error on page 1: Network error: Expecting value: line 1 column 1 (char 0) (error 3/5)
2026-08-30 00:40:08,016 - Fetching page 1 via API
2026-08-30 00:40:08,036 - API error on page 1: Network error: Expecting value: line 1 column 1 (char 0) (error 4/5)
2026-08-30 00:40:13,041 - Fetching page 1 via API
2026-08-30 00:40:13,064 - API error on page 1: Network error: Expecting value: line 1 column 1 (char 0) (error 5/5)
2026-08-30 00:40:13,064 - Error getting records: Network error: Expecting value: line 1 column 1 (char 0)
2026-08-30 00:40:13,064 - Error in daily check: Network error: Expecting value: line 1 column 1 (char 0)
