2026-10-10 00:40:28,390 - Data directory: data/2026-10-10_00-40-26
2026-10-10 00:40:28,390 - Output directory: data/2026-10-10_00-40-26
2026-10-10 00:40:28,390 - Fetch all mode: True
2026-10-10 00:40:28,391 - Using data directory: data/2026-10-10_00-40-26
2026-10-10 00:40:28,391 - Looking for previous data in: data
2026-10-10 00:40:28,402 - Loading previous data from: data/2025-10-06_01-28-33/morphosource_data_complete.json
2026-10-10 00:40:28,801 - Loaded 108782 records from previous data file
2026-10-10 00:40:28,801 - Latest stored record ID: 000781814
2026-10-10 00:40:28,801 - Previous record count: 108782
2026-10-10 00:40:28,801 - === FULL FETCH MODE: Collecting all records from all pages ===
2026-10-10 00:40:28,801 - Fetching page 1 via API
2026-10-10 00:40:29,759 - API error on page 1: Network error: Expecting value: line 1 column 1 (char 0) (error 1/5)
2026-10-10 00:40:34,764 - Fetching page 1 via API
2026-10-10 00:40:34,847 - API error on page 1: Network error: Expecting value: line 1 column 1 (char 0) (error 2/5)
2026-10-10 00:40:39,852 - Fetching page 1 via API
2026-10-10 00:40:39,936 - API error on page 1: Network error: Expecting value: line 1 column 1 (char 0) (error 3/5)
2026-10-10 00:40:44,941 - Fetching page 1 via API
2026-10-10 00:40:45,025 - API error on page 1: Network error: Expecting value: line 1 column 1 (char 0) (error 4/5)
2026-10-10 00:40:50,030 - Fetching page 1 via API
2026-10-10 00:40:50,113 - API error on page 1: Network error: Expecting value: line 1 column 1 (char 0) (error 5/5)
2026-10-10 00:40:50,113 - Error getting records: Network error: Expecting value: line 1 column 1 (char 0)
2026-10-10 00:40:50,113 - Error in daily check: Network error: Expecting value: line 1 column 1 (char 0)
