2026-08-17 00:15:48,710 - Data directory: data/2026-08-17_00-15-46
2026-08-17 00:15:48,710 - Output directory: data/2026-08-17_00-15-46
2026-08-17 00:15:48,710 - Fetch all mode: True
2026-08-17 00:15:48,710 - Using data directory: data/2026-08-17_00-15-46
2026-08-17 00:15:48,710 - Looking for previous data in: data
2026-08-17 00:15:48,717 - Loading previous data from: data/2025-10-06_01-28-33/morphosource_data_complete.json
2026-08-17 00:15:49,081 - Loaded 108782 records from previous data file
2026-08-17 00:15:49,082 - Latest stored record ID: 000781814
2026-08-17 00:15:49,082 - Previous record count: 108782
2026-08-17 00:15:49,082 - === FULL FETCH MODE: Collecting all records from all pages ===
2026-08-17 00:15:49,082 - Fetching page 1 via API
2026-08-17 00:15:49,343 - API error on page 1: Network error: Expecting value: line 1 column 1 (char 0) (error 1/5)
2026-08-17 00:15:54,348 - Fetching page 1 via API
2026-08-17 00:15:54,385 - API error on page 1: Network error: Expecting value: line 1 column 1 (char 0) (error 2/5)
2026-08-17 00:15:59,390 - Fetching page 1 via API
2026-08-17 00:15:59,424 - API error on page 1: Network error: Expecting value: line 1 column 1 (char 0) (error 3/5)
2026-08-17 00:16:04,429 - Fetching page 1 via API
2026-08-17 00:16:04,462 - API error on page 1: Network error: Expecting value: line 1 column 1 (char 0) (error 4/5)
2026-08-17 00:16:09,467 - Fetching page 1 via API
2026-08-17 00:16:09,501 - API error on page 1: Network error: Expecting value: line 1 column 1 (char 0) (error 5/5)
2026-08-17 00:16:09,501 - Error getting records: Network error: Expecting value: line 1 column 1 (char 0)
2026-08-17 00:16:09,501 - Error in daily check: Network error: Expecting value: line 1 column 1 (char 0)
