2026-08-23 00:17:01,121 - Data directory: data/2026-08-23_00-16-59
2026-08-23 00:17:01,121 - Output directory: data/2026-08-23_00-16-59
2026-08-23 00:17:01,121 - Fetch all mode: True
2026-08-23 00:17:01,121 - Using data directory: data/2026-08-23_00-16-59
2026-08-23 00:17:01,121 - Looking for previous data in: data
2026-08-23 00:17:01,128 - Loading previous data from: data/2025-10-06_01-28-33/morphosource_data_complete.json
2026-08-23 00:17:01,440 - Loaded 108782 records from previous data file
2026-08-23 00:17:01,441 - Latest stored record ID: 000781814
2026-08-23 00:17:01,441 - Previous record count: 108782
2026-08-23 00:17:01,441 - === FULL FETCH MODE: Collecting all records from all pages ===
2026-08-23 00:17:01,441 - Fetching page 1 via API
2026-08-23 00:17:02,133 - API error on page 1: Network error: Expecting value: line 1 column 1 (char 0) (error 1/5)
2026-08-23 00:17:07,138 - Fetching page 1 via API
2026-08-23 00:17:07,201 - API error on page 1: Network error: Expecting value: line 1 column 1 (char 0) (error 2/5)
2026-08-23 00:17:12,206 - Fetching page 1 via API
2026-08-23 00:17:12,270 - API error on page 1: Network error: Expecting value: line 1 column 1 (char 0) (error 3/5)
2026-08-23 00:17:17,275 - Fetching page 1 via API
2026-08-23 00:17:17,337 - API error on page 1: Network error: Expecting value: line 1 column 1 (char 0) (error 4/5)
2026-08-23 00:17:22,343 - Fetching page 1 via API
2026-08-23 00:17:22,405 - API error on page 1: Network error: Expecting value: line 1 column 1 (char 0) (error 5/5)
2026-08-23 00:17:22,405 - Error getting records: Network error: Expecting value: line 1 column 1 (char 0)
2026-08-23 00:17:22,405 - Error in daily check: Network error: Expecting value: line 1 column 1 (char 0)
