2026-09-08 00:37:18,510 - Data directory: data/2026-09-08_00-37-16
2026-09-08 00:37:18,510 - Output directory: data/2026-09-08_00-37-16
2026-09-08 00:37:18,510 - Fetch all mode: True
2026-09-08 00:37:18,510 - Using data directory: data/2026-09-08_00-37-16
2026-09-08 00:37:18,511 - Looking for previous data in: data
2026-09-08 00:37:18,517 - Loading previous data from: data/2025-10-06_01-28-33/morphosource_data_complete.json
2026-09-08 00:37:18,818 - Loaded 108782 records from previous data file
2026-09-08 00:37:18,818 - Latest stored record ID: 000781814
2026-09-08 00:37:18,818 - Previous record count: 108782
2026-09-08 00:37:18,818 - === FULL FETCH MODE: Collecting all records from all pages ===
2026-09-08 00:37:18,818 - Fetching page 1 via API
2026-09-08 00:37:19,515 - API error on page 1: Network error: Expecting value: line 1 column 1 (char 0) (error 1/5)
2026-09-08 00:37:24,520 - Fetching page 1 via API
2026-09-08 00:37:24,583 - API error on page 1: Network error: Expecting value: line 1 column 1 (char 0) (error 2/5)
2026-09-08 00:37:29,587 - Fetching page 1 via API
2026-09-08 00:37:29,649 - API error on page 1: Network error: Expecting value: line 1 column 1 (char 0) (error 3/5)
2026-09-08 00:37:34,655 - Fetching page 1 via API
2026-09-08 00:37:34,718 - API error on page 1: Network error: Expecting value: line 1 column 1 (char 0) (error 4/5)
2026-09-08 00:37:39,723 - Fetching page 1 via API
2026-09-08 00:37:39,786 - API error on page 1: Network error: Expecting value: line 1 column 1 (char 0) (error 5/5)
2026-09-08 00:37:39,786 - Error getting records: Network error: Expecting value: line 1 column 1 (char 0)
2026-09-08 00:37:39,786 - Error in daily check: Network error: Expecting value: line 1 column 1 (char 0)
