2026-07-26 02:52:41,405 - Data directory: data/2026-07-26_02-52-38
2026-07-26 02:52:41,405 - Output directory: data/2026-07-26_02-52-38
2026-07-26 02:52:41,405 - Fetch all mode: True
2026-07-26 02:52:41,406 - Using data directory: data/2026-07-26_02-52-38
2026-07-26 02:52:41,406 - Looking for previous data in: data
2026-07-26 02:52:41,414 - Loading previous data from: data/2025-10-06_01-28-33/morphosource_data_complete.json
2026-07-26 02:52:41,806 - Loaded 108782 records from previous data file
2026-07-26 02:52:41,806 - Latest stored record ID: 000781814
2026-07-26 02:52:41,806 - Previous record count: 108782
2026-07-26 02:52:41,806 - === FULL FETCH MODE: Collecting all records from all pages ===
2026-07-26 02:52:41,806 - Fetching page 1 via API
2026-07-26 02:52:42,113 - API error on page 1: Network error: Expecting value: line 1 column 1 (char 0) (error 1/5)
2026-07-26 02:52:47,119 - Fetching page 1 via API
2026-07-26 02:52:47,140 - API error on page 1: Network error: Expecting value: line 1 column 1 (char 0) (error 2/5)
2026-07-26 02:52:52,145 - Fetching page 1 via API
2026-07-26 02:52:52,167 - API error on page 1: Network error: Expecting value: line 1 column 1 (char 0) (error 3/5)
2026-07-26 02:52:57,172 - Fetching page 1 via API
2026-07-26 02:52:57,192 - API error on page 1: Network error: Expecting value: line 1 column 1 (char 0) (error 4/5)
2026-07-26 02:53:02,198 - Fetching page 1 via API
2026-07-26 02:53:02,218 - API error on page 1: Network error: Expecting value: line 1 column 1 (char 0) (error 5/5)
2026-07-26 02:53:02,219 - Error getting records: Network error: Expecting value: line 1 column 1 (char 0)
2026-07-26 02:53:02,219 - Error in daily check: Network error: Expecting value: line 1 column 1 (char 0)
