2026-08-28 03:02:59,718 - Data directory: data/2026-08-28_03-02-56
2026-08-28 03:02:59,718 - Output directory: data/2026-08-28_03-02-56
2026-08-28 03:02:59,718 - Fetch all mode: True
2026-08-28 03:02:59,718 - Using data directory: data/2026-08-28_03-02-56
2026-08-28 03:02:59,718 - Looking for previous data in: data
2026-08-28 03:02:59,728 - Loading previous data from: data/2025-10-06_01-28-33/morphosource_data_complete.json
2026-08-28 03:03:00,117 - Loaded 108782 records from previous data file
2026-08-28 03:03:00,118 - Latest stored record ID: 000781814
2026-08-28 03:03:00,118 - Previous record count: 108782
2026-08-28 03:03:00,118 - === FULL FETCH MODE: Collecting all records from all pages ===
2026-08-28 03:03:00,118 - Fetching page 1 via API
2026-08-28 03:03:00,471 - API error on page 1: Network error: Expecting value: line 1 column 1 (char 0) (error 1/5)
2026-08-28 03:03:05,476 - Fetching page 1 via API
2026-08-28 03:03:05,523 - API error on page 1: Network error: Expecting value: line 1 column 1 (char 0) (error 2/5)
2026-08-28 03:03:10,528 - Fetching page 1 via API
2026-08-28 03:03:10,574 - API error on page 1: Network error: Expecting value: line 1 column 1 (char 0) (error 3/5)
2026-08-28 03:03:15,579 - Fetching page 1 via API
2026-08-28 03:03:15,624 - API error on page 1: Network error: Expecting value: line 1 column 1 (char 0) (error 4/5)
2026-08-28 03:03:20,629 - Fetching page 1 via API
2026-08-28 03:03:20,674 - API error on page 1: Network error: Expecting value: line 1 column 1 (char 0) (error 5/5)
2026-08-28 03:03:20,674 - Error getting records: Network error: Expecting value: line 1 column 1 (char 0)
2026-08-28 03:03:20,674 - Error in daily check: Network error: Expecting value: line 1 column 1 (char 0)
