2026-10-07 00:41:04,661 - Data directory: data/2026-10-07_00-41-01
2026-10-07 00:41:04,661 - Output directory: data/2026-10-07_00-41-01
2026-10-07 00:41:04,662 - Fetch all mode: True
2026-10-07 00:41:04,662 - Using data directory: data/2026-10-07_00-41-01
2026-10-07 00:41:04,662 - Looking for previous data in: data
2026-10-07 00:41:04,673 - Loading previous data from: data/2025-10-06_01-28-33/morphosource_data_complete.json
2026-10-07 00:41:05,083 - Loaded 108782 records from previous data file
2026-10-07 00:41:05,083 - Latest stored record ID: 000781814
2026-10-07 00:41:05,083 - Previous record count: 108782
2026-10-07 00:41:05,083 - === FULL FETCH MODE: Collecting all records from all pages ===
2026-10-07 00:41:05,083 - Fetching page 1 via API
2026-10-07 00:41:16,079 - Retrying (Retry(total=2, connect=None, read=None, redirect=None, status=None)) after connection broken by 'ConnectTimeoutError(<HTTPSConnection(host='www.morphosource.org', port=443) at 0x7f0c3ff07f70>, 'Connection to www.morphosource.org timed out. (connect timeout=10)')': /catalog.json?q=X-Ray+Computed+Tomography&search_field=all_fields&sort=system_create_dtsi+desc&page=1&per_page=100
2026-10-07 00:41:36,102 - Retrying (Retry(total=1, connect=None, read=None, redirect=None, status=None)) after connection broken by 'ConnectTimeoutError(<HTTPSConnection(host='www.morphosource.org', port=443) at 0x7f0c31d2c1c0>, 'Connection to www.morphosource.org timed out. (connect timeout=10)')': /catalog.json?q=X-Ray+Computed+Tomography&search_field=all_fields&sort=system_create_dtsi+desc&page=1&per_page=100
2026-10-07 00:42:06,135 - Retrying (Retry(total=0, connect=None, read=None, redirect=None, status=None)) after connection broken by 'ConnectTimeoutError(<HTTPSConnection(host='www.morphosource.org', port=443) at 0x7f0c31d2c370>, 'Connection to www.morphosource.org timed out. (connect timeout=10)')': /catalog.json?q=X-Ray+Computed+Tomography&search_field=all_fields&sort=system_create_dtsi+desc&page=1&per_page=100
2026-10-07 00:42:16,237 - API error on page 1: Network error: HTTPSConnectionPool(host='www.morphosource.org', port=443): Max retries exceeded with url: /catalog.json?q=X-Ray+Computed+Tomography&search_field=all_fields&sort=system_create_dtsi+desc&page=1&per_page=100 (Caused by ConnectTimeoutError(<HTTPSConnection(host='www.morphosource.org', port=443) at 0x7f0c31d2c520>, 'Connection to www.morphosource.org timed out. (connect timeout=10)')) (error 1/5)
2026-10-07 00:42:21,243 - Fetching page 1 via API
2026-10-07 00:42:31,790 - Retrying (Retry(total=2, connect=None, read=None, redirect=None, status=None)) after connection broken by 'ConnectTimeoutError(<HTTPSConnection(host='www.morphosource.org', port=443) at 0x7f0c31d2c850>, 'Connection to www.morphosource.org timed out. (connect timeout=10)')': /catalog.json?q=X-Ray+Computed+Tomography&search_field=all_fields&sort=system_create_dtsi+desc&page=1&per_page=100
2026-10-07 00:42:52,039 - Retrying (Retry(total=1, connect=None, read=None, redirect=None, status=None)) after connection broken by 'ConnectTimeoutError(<HTTPSConnection(host='www.morphosource.org', port=443) at 0x7f0c31d2ca30>, 'Connection to www.morphosource.org timed out. (connect timeout=10)')': /catalog.json?q=X-Ray+Computed+Tomography&search_field=all_fields&sort=system_create_dtsi+desc&page=1&per_page=100
2026-10-07 00:43:22,160 - Retrying (Retry(total=0, connect=None, read=None, redirect=None, status=None)) after connection broken by 'ConnectTimeoutError(<HTTPSConnection(host='www.morphosource.org', port=443) at 0x7f0c31d2cbe0>, 'Connection to www.morphosource.org timed out. (connect timeout=10)')': /catalog.json?q=X-Ray+Computed+Tomography&search_field=all_fields&sort=system_create_dtsi+desc&page=1&per_page=100
2026-10-07 00:43:32,261 - API error on page 1: Network error: HTTPSConnectionPool(host='www.morphosource.org', port=443): Max retries exceeded with url: /catalog.json?q=X-Ray+Computed+Tomography&search_field=all_fields&sort=system_create_dtsi+desc&page=1&per_page=100 (Caused by ConnectTimeoutError(<HTTPSConnection(host='www.morphosource.org', port=443) at 0x7f0c31d2cd90>, 'Connection to www.morphosource.org timed out. (connect timeout=10)')) (error 2/5)
2026-10-07 00:43:37,267 - Fetching page 1 via API
2026-10-07 00:43:47,390 - Retrying (Retry(total=2, connect=None, read=None, redirect=None, status=None)) after connection broken by 'ConnectTimeoutError(<HTTPSConnection(host='www.morphosource.org', port=443) at 0x7f0c31d2d0c0>, 'Connection to www.morphosource.org timed out. (connect timeout=10)')': /catalog.json?q=X-Ray+Computed+Tomography&search_field=all_fields&sort=system_create_dtsi+desc&page=1&per_page=100
2026-10-07 00:44:07,406 - Retrying (Retry(total=1, connect=None, read=None, redirect=None, status=None)) after connection broken by 'ConnectTimeoutError(<HTTPSConnection(host='www.morphosource.org', port=443) at 0x7f0c31d2d2a0>, 'Connection to www.morphosource.org timed out. (connect timeout=10)')': /catalog.json?q=X-Ray+Computed+Tomography&search_field=all_fields&sort=system_create_dtsi+desc&page=1&per_page=100
2026-10-07 00:44:37,525 - Retrying (Retry(total=0, connect=None, read=None, redirect=None, status=None)) after connection broken by 'ConnectTimeoutError(<HTTPSConnection(host='www.morphosource.org', port=443) at 0x7f0c31d2d450>, 'Connection to www.morphosource.org timed out. (connect timeout=10)')': /catalog.json?q=X-Ray+Computed+Tomography&search_field=all_fields&sort=system_create_dtsi+desc&page=1&per_page=100
2026-10-07 00:44:47,535 - API error on page 1: Network error: HTTPSConnectionPool(host='www.morphosource.org', port=443): Max retries exceeded with url: /catalog.json?q=X-Ray+Computed+Tomography&search_field=all_fields&sort=system_create_dtsi+desc&page=1&per_page=100 (Caused by ConnectTimeoutError(<HTTPSConnection(host='www.morphosource.org', port=443) at 0x7f0c31d2d600>, 'Connection to www.morphosource.org timed out. (connect timeout=10)')) (error 3/5)
2026-10-07 00:44:52,540 - Fetching page 1 via API
2026-10-07 00:45:03,090 - Retrying (Retry(total=2, connect=None, read=None, redirect=None, status=None)) after connection broken by 'ConnectTimeoutError(<HTTPSConnection(host='www.morphosource.org', port=443) at 0x7f0c31d2d930>, 'Connection to www.morphosource.org timed out. (connect timeout=10)')': /catalog.json?q=X-Ray+Computed+Tomography&search_field=all_fields&sort=system_create_dtsi+desc&page=1&per_page=100
2026-10-07 00:45:23,197 - Retrying (Retry(total=1, connect=None, read=None, redirect=None, status=None)) after connection broken by 'ConnectTimeoutError(<HTTPSConnection(host='www.morphosource.org', port=443) at 0x7f0c31d2db10>, 'Connection to www.morphosource.org timed out. (connect timeout=10)')': /catalog.json?q=X-Ray+Computed+Tomography&search_field=all_fields&sort=system_create_dtsi+desc&page=1&per_page=100
2026-10-07 00:45:53,231 - Retrying (Retry(total=0, connect=None, read=None, redirect=None, status=None)) after connection broken by 'ConnectTimeoutError(<HTTPSConnection(host='www.morphosource.org', port=443) at 0x7f0c31d2dcc0>, 'Connection to www.morphosource.org timed out. (connect timeout=10)')': /catalog.json?q=X-Ray+Computed+Tomography&search_field=all_fields&sort=system_create_dtsi+desc&page=1&per_page=100
2026-10-07 00:46:03,331 - API error on page 1: Network error: HTTPSConnectionPool(host='www.morphosource.org', port=443): Max retries exceeded with url: /catalog.json?q=X-Ray+Computed+Tomography&search_field=all_fields&sort=system_create_dtsi+desc&page=1&per_page=100 (Caused by ConnectTimeoutError(<HTTPSConnection(host='www.morphosource.org', port=443) at 0x7f0c31d2de70>, 'Connection to www.morphosource.org timed out. (connect timeout=10)')) (error 4/5)
2026-10-07 00:46:08,334 - Fetching page 1 via API
2026-10-07 00:46:18,574 - Retrying (Retry(total=2, connect=None, read=None, redirect=None, status=None)) after connection broken by 'ConnectTimeoutError(<HTTPSConnection(host='www.morphosource.org', port=443) at 0x7f0c31d2e1a0>, 'Connection to www.morphosource.org timed out. (connect timeout=10)')': /catalog.json?q=X-Ray+Computed+Tomography&search_field=all_fields&sort=system_create_dtsi+desc&page=1&per_page=100
2026-10-07 00:46:38,683 - Retrying (Retry(total=1, connect=None, read=None, redirect=None, status=None)) after connection broken by 'ConnectTimeoutError(<HTTPSConnection(host='www.morphosource.org', port=443) at 0x7f0c31d2db10>, 'Connection to www.morphosource.org timed out. (connect timeout=10)')': /catalog.json?q=X-Ray+Computed+Tomography&search_field=all_fields&sort=system_create_dtsi+desc&page=1&per_page=100
2026-10-07 00:47:08,804 - Retrying (Retry(total=0, connect=None, read=None, redirect=None, status=None)) after connection broken by 'ConnectTimeoutError(<HTTPSConnection(host='www.morphosource.org', port=443) at 0x7f0c31d2de70>, 'Connection to www.morphosource.org timed out. (connect timeout=10)')': /catalog.json?q=X-Ray+Computed+Tomography&search_field=all_fields&sort=system_create_dtsi+desc&page=1&per_page=100
2026-10-07 00:47:19,128 - API error on page 1: Network error: HTTPSConnectionPool(host='www.morphosource.org', port=443): Max retries exceeded with url: /catalog.json?q=X-Ray+Computed+Tomography&search_field=all_fields&sort=system_create_dtsi+desc&page=1&per_page=100 (Caused by ConnectTimeoutError(<HTTPSConnection(host='www.morphosource.org', port=443) at 0x7f0c31d2dd80>, 'Connection to www.morphosource.org timed out. (connect timeout=10)')) (error 5/5)
2026-10-07 00:47:19,128 - Error getting records: Network error: HTTPSConnectionPool(host='www.morphosource.org', port=443): Max retries exceeded with url: /catalog.json?q=X-Ray+Computed+Tomography&search_field=all_fields&sort=system_create_dtsi+desc&page=1&per_page=100 (Caused by ConnectTimeoutError(<HTTPSConnection(host='www.morphosource.org', port=443) at 0x7f0c31d2dd80>, 'Connection to www.morphosource.org timed out. (connect timeout=10)'))
2026-10-07 00:47:19,128 - Error in daily check: Network error: HTTPSConnectionPool(host='www.morphosource.org', port=443): Max retries exceeded with url: /catalog.json?q=X-Ray+Computed+Tomography&search_field=all_fields&sort=system_create_dtsi+desc&page=1&per_page=100 (Caused by ConnectTimeoutError(<HTTPSConnection(host='www.morphosource.org', port=443) at 0x7f0c31d2dd80>, 'Connection to www.morphosource.org timed out. (connect timeout=10)'))
