2026-09-01 00:43:51,566 - Data directory: data/2026-09-01_00-43-49
2026-09-01 00:43:51,566 - Output directory: data/2026-09-01_00-43-49
2026-09-01 00:43:51,566 - Fetch all mode: True
2026-09-01 00:43:51,566 - Using data directory: data/2026-09-01_00-43-49
2026-09-01 00:43:51,566 - Looking for previous data in: data
2026-09-01 00:43:51,576 - Loading previous data from: data/2025-10-06_01-28-33/morphosource_data_complete.json
2026-09-01 00:43:51,961 - Loaded 108782 records from previous data file
2026-09-01 00:43:51,961 - Latest stored record ID: 000781814
2026-09-01 00:43:51,961 - Previous record count: 108782
2026-09-01 00:43:51,961 - === FULL FETCH MODE: Collecting all records from all pages ===
2026-09-01 00:43:51,961 - Fetching page 1 via API
2026-09-01 00:43:52,589 - API error on page 1: Network error: Expecting value: line 1 column 1 (char 0) (error 1/5)
2026-09-01 00:43:57,594 - Fetching page 1 via API
2026-09-01 00:43:57,639 - API error on page 1: Network error: Expecting value: line 1 column 1 (char 0) (error 2/5)
2026-09-01 00:44:02,644 - Fetching page 1 via API
2026-09-01 00:44:02,691 - API error on page 1: Network error: Expecting value: line 1 column 1 (char 0) (error 3/5)
2026-09-01 00:44:07,696 - Fetching page 1 via API
2026-09-01 00:44:07,741 - API error on page 1: Network error: Expecting value: line 1 column 1 (char 0) (error 4/5)
2026-09-01 00:44:12,746 - Fetching page 1 via API
2026-09-01 00:44:12,791 - API error on page 1: Network error: Expecting value: line 1 column 1 (char 0) (error 5/5)
2026-09-01 00:44:12,791 - Error getting records: Network error: Expecting value: line 1 column 1 (char 0)
2026-09-01 00:44:12,791 - Error in daily check: Network error: Expecting value: line 1 column 1 (char 0)
