2026-09-13 00:40:39,710 - Data directory: data/2026-09-13_00-40-37
2026-09-13 00:40:39,710 - Output directory: data/2026-09-13_00-40-37
2026-09-13 00:40:39,711 - Fetch all mode: True
2026-09-13 00:40:39,711 - Using data directory: data/2026-09-13_00-40-37
2026-09-13 00:40:39,711 - Looking for previous data in: data
2026-09-13 00:40:39,721 - Loading previous data from: data/2025-10-06_01-28-33/morphosource_data_complete.json
2026-09-13 00:40:40,125 - Loaded 108782 records from previous data file
2026-09-13 00:40:40,125 - Latest stored record ID: 000781814
2026-09-13 00:40:40,125 - Previous record count: 108782
2026-09-13 00:40:40,125 - === FULL FETCH MODE: Collecting all records from all pages ===
2026-09-13 00:40:40,125 - Fetching page 1 via API
2026-09-13 00:40:40,431 - API error on page 1: Network error: Expecting value: line 1 column 1 (char 0) (error 1/5)
2026-09-13 00:40:45,437 - Fetching page 1 via API
2026-09-13 00:40:45,472 - API error on page 1: Network error: Expecting value: line 1 column 1 (char 0) (error 2/5)
2026-09-13 00:40:50,478 - Fetching page 1 via API
2026-09-13 00:40:50,513 - API error on page 1: Network error: Expecting value: line 1 column 1 (char 0) (error 3/5)
2026-09-13 00:40:55,519 - Fetching page 1 via API
2026-09-13 00:40:55,555 - API error on page 1: Network error: Expecting value: line 1 column 1 (char 0) (error 4/5)
2026-09-13 00:41:00,560 - Fetching page 1 via API
2026-09-13 00:41:00,596 - API error on page 1: Network error: Expecting value: line 1 column 1 (char 0) (error 5/5)
2026-09-13 00:41:00,596 - Error getting records: Network error: Expecting value: line 1 column 1 (char 0)
2026-09-13 00:41:00,596 - Error in daily check: Network error: Expecting value: line 1 column 1 (char 0)
