2026-09-17 00:35:55,119 - Data directory: data/2026-09-17_00-35-52
2026-09-17 00:35:55,120 - Output directory: data/2026-09-17_00-35-52
2026-09-17 00:35:55,120 - Fetch all mode: True
2026-09-17 00:35:55,120 - Using data directory: data/2026-09-17_00-35-52
2026-09-17 00:35:55,120 - Looking for previous data in: data
2026-09-17 00:35:55,130 - Loading previous data from: data/2025-10-06_01-28-33/morphosource_data_complete.json
2026-09-17 00:35:55,484 - Loaded 108782 records from previous data file
2026-09-17 00:35:55,484 - Latest stored record ID: 000781814
2026-09-17 00:35:55,485 - Previous record count: 108782
2026-09-17 00:35:55,485 - === FULL FETCH MODE: Collecting all records from all pages ===
2026-09-17 00:35:55,485 - Fetching page 1 via API
2026-09-17 00:35:56,213 - API error on page 1: Network error: Expecting value: line 1 column 1 (char 0) (error 1/5)
2026-09-17 00:36:01,219 - Fetching page 1 via API
2026-09-17 00:36:01,297 - API error on page 1: Network error: Expecting value: line 1 column 1 (char 0) (error 2/5)
2026-09-17 00:36:06,302 - Fetching page 1 via API
2026-09-17 00:36:06,380 - API error on page 1: Network error: Expecting value: line 1 column 1 (char 0) (error 3/5)
2026-09-17 00:36:11,385 - Fetching page 1 via API
2026-09-17 00:36:11,462 - API error on page 1: Network error: Expecting value: line 1 column 1 (char 0) (error 4/5)
2026-09-17 00:36:16,467 - Fetching page 1 via API
2026-09-17 00:36:16,545 - API error on page 1: Network error: Expecting value: line 1 column 1 (char 0) (error 5/5)
2026-09-17 00:36:16,545 - Error getting records: Network error: Expecting value: line 1 column 1 (char 0)
2026-09-17 00:36:16,545 - Error in daily check: Network error: Expecting value: line 1 column 1 (char 0)
