2026-08-31 00:40:40,831 - Data directory: data/2026-08-31_00-40-38
2026-08-31 00:40:40,831 - Output directory: data/2026-08-31_00-40-38
2026-08-31 00:40:40,831 - Fetch all mode: True
2026-08-31 00:40:40,831 - Using data directory: data/2026-08-31_00-40-38
2026-08-31 00:40:40,831 - Looking for previous data in: data
2026-08-31 00:40:40,841 - Loading previous data from: data/2025-10-06_01-28-33/morphosource_data_complete.json
2026-08-31 00:40:41,256 - Loaded 108782 records from previous data file
2026-08-31 00:40:41,256 - Latest stored record ID: 000781814
2026-08-31 00:40:41,256 - Previous record count: 108782
2026-08-31 00:40:41,256 - === FULL FETCH MODE: Collecting all records from all pages ===
2026-08-31 00:40:41,257 - Fetching page 1 via API
2026-08-31 00:40:41,757 - API error on page 1: Network error: Expecting value: line 1 column 1 (char 0) (error 1/5)
2026-08-31 00:40:46,762 - Fetching page 1 via API
2026-08-31 00:40:46,840 - API error on page 1: Network error: Expecting value: line 1 column 1 (char 0) (error 2/5)
2026-08-31 00:40:51,844 - Fetching page 1 via API
2026-08-31 00:40:51,922 - API error on page 1: Network error: Expecting value: line 1 column 1 (char 0) (error 3/5)
2026-08-31 00:40:56,928 - Fetching page 1 via API
2026-08-31 00:40:57,007 - API error on page 1: Network error: Expecting value: line 1 column 1 (char 0) (error 4/5)
2026-08-31 00:41:02,012 - Fetching page 1 via API
2026-08-31 00:41:02,090 - API error on page 1: Network error: Expecting value: line 1 column 1 (char 0) (error 5/5)
2026-08-31 00:41:02,090 - Error getting records: Network error: Expecting value: line 1 column 1 (char 0)
2026-08-31 00:41:02,090 - Error in daily check: Network error: Expecting value: line 1 column 1 (char 0)
