2026-09-25 00:36:54,907 - Data directory: data/2026-09-25_00-36-52
2026-09-25 00:36:54,907 - Output directory: data/2026-09-25_00-36-52
2026-09-25 00:36:54,907 - Fetch all mode: True
2026-09-25 00:36:54,908 - Using data directory: data/2026-09-25_00-36-52
2026-09-25 00:36:54,908 - Looking for previous data in: data
2026-09-25 00:36:54,916 - Loading previous data from: data/2025-10-06_01-28-33/morphosource_data_complete.json
2026-09-25 00:36:55,248 - Loaded 108782 records from previous data file
2026-09-25 00:36:55,248 - Latest stored record ID: 000781814
2026-09-25 00:36:55,249 - Previous record count: 108782
2026-09-25 00:36:55,249 - === FULL FETCH MODE: Collecting all records from all pages ===
2026-09-25 00:36:55,249 - Fetching page 1 via API
2026-09-25 00:36:55,702 - API error on page 1: Network error: Expecting value: line 1 column 1 (char 0) (error 1/5)
2026-09-25 00:37:00,707 - Fetching page 1 via API
2026-09-25 00:37:00,776 - API error on page 1: Network error: Expecting value: line 1 column 1 (char 0) (error 2/5)
2026-09-25 00:37:05,781 - Fetching page 1 via API
2026-09-25 00:37:05,850 - API error on page 1: Network error: Expecting value: line 1 column 1 (char 0) (error 3/5)
2026-09-25 00:37:10,856 - Fetching page 1 via API
2026-09-25 00:37:10,924 - API error on page 1: Network error: Expecting value: line 1 column 1 (char 0) (error 4/5)
2026-09-25 00:37:15,929 - Fetching page 1 via API
2026-09-25 00:37:15,998 - API error on page 1: Network error: Expecting value: line 1 column 1 (char 0) (error 5/5)
2026-09-25 00:37:15,998 - Error getting records: Network error: Expecting value: line 1 column 1 (char 0)
2026-09-25 00:37:15,998 - Error in daily check: Network error: Expecting value: line 1 column 1 (char 0)
