2026-09-18 00:36:11,047 - Data directory: data/2026-09-18_00-36-08
2026-09-18 00:36:11,048 - Output directory: data/2026-09-18_00-36-08
2026-09-18 00:36:11,048 - Fetch all mode: True
2026-09-18 00:36:11,048 - Using data directory: data/2026-09-18_00-36-08
2026-09-18 00:36:11,048 - Looking for previous data in: data
2026-09-18 00:36:11,056 - Loading previous data from: data/2025-10-06_01-28-33/morphosource_data_complete.json
2026-09-18 00:36:11,367 - Loaded 108782 records from previous data file
2026-09-18 00:36:11,368 - Latest stored record ID: 000781814
2026-09-18 00:36:11,368 - Previous record count: 108782
2026-09-18 00:36:11,368 - === FULL FETCH MODE: Collecting all records from all pages ===
2026-09-18 00:36:11,368 - Fetching page 1 via API
2026-09-18 00:36:12,077 - API error on page 1: Network error: Expecting value: line 1 column 1 (char 0) (error 1/5)
2026-09-18 00:36:17,081 - Fetching page 1 via API
2026-09-18 00:36:17,160 - API error on page 1: Network error: Expecting value: line 1 column 1 (char 0) (error 2/5)
2026-09-18 00:36:22,165 - Fetching page 1 via API
2026-09-18 00:36:22,244 - API error on page 1: Network error: Expecting value: line 1 column 1 (char 0) (error 3/5)
2026-09-18 00:36:27,249 - Fetching page 1 via API
2026-09-18 00:36:27,328 - API error on page 1: Network error: Expecting value: line 1 column 1 (char 0) (error 4/5)
2026-09-18 00:36:32,333 - Fetching page 1 via API
2026-09-18 00:36:32,412 - API error on page 1: Network error: Expecting value: line 1 column 1 (char 0) (error 5/5)
2026-09-18 00:36:32,412 - Error getting records: Network error: Expecting value: line 1 column 1 (char 0)
2026-09-18 00:36:32,412 - Error in daily check: Network error: Expecting value: line 1 column 1 (char 0)
