2026-09-28 00:42:30,765 - Data directory: data/2026-09-28_00-42-28
2026-09-28 00:42:30,765 - Output directory: data/2026-09-28_00-42-28
2026-09-28 00:42:30,765 - Fetch all mode: True
2026-09-28 00:42:30,765 - Using data directory: data/2026-09-28_00-42-28
2026-09-28 00:42:30,765 - Looking for previous data in: data
2026-09-28 00:42:30,774 - Loading previous data from: data/2025-10-06_01-28-33/morphosource_data_complete.json
2026-09-28 00:42:31,100 - Loaded 108782 records from previous data file
2026-09-28 00:42:31,100 - Latest stored record ID: 000781814
2026-09-28 00:42:31,100 - Previous record count: 108782
2026-09-28 00:42:31,100 - === FULL FETCH MODE: Collecting all records from all pages ===
2026-09-28 00:42:31,100 - Fetching page 1 via API
2026-09-28 00:42:31,733 - API error on page 1: Network error: Expecting value: line 1 column 1 (char 0) (error 1/5)
2026-09-28 00:42:36,738 - Fetching page 1 via API
2026-09-28 00:42:36,817 - API error on page 1: Network error: Expecting value: line 1 column 1 (char 0) (error 2/5)
2026-09-28 00:42:41,822 - Fetching page 1 via API
2026-09-28 00:42:41,900 - API error on page 1: Network error: Expecting value: line 1 column 1 (char 0) (error 3/5)
2026-09-28 00:42:46,905 - Fetching page 1 via API
2026-09-28 00:42:46,984 - API error on page 1: Network error: Expecting value: line 1 column 1 (char 0) (error 4/5)
2026-09-28 00:42:51,987 - Fetching page 1 via API
2026-09-28 00:42:52,067 - API error on page 1: Network error: Expecting value: line 1 column 1 (char 0) (error 5/5)
2026-09-28 00:42:52,067 - Error getting records: Network error: Expecting value: line 1 column 1 (char 0)
2026-09-28 00:42:52,067 - Error in daily check: Network error: Expecting value: line 1 column 1 (char 0)
