2026-08-21 00:17:15,751 - Data directory: data/2026-08-21_00-17-13
2026-08-21 00:17:15,751 - Output directory: data/2026-08-21_00-17-13
2026-08-21 00:17:15,751 - Fetch all mode: True
2026-08-21 00:17:15,751 - Using data directory: data/2026-08-21_00-17-13
2026-08-21 00:17:15,752 - Looking for previous data in: data
2026-08-21 00:17:15,761 - Loading previous data from: data/2025-10-06_01-28-33/morphosource_data_complete.json
2026-08-21 00:17:16,151 - Loaded 108782 records from previous data file
2026-08-21 00:17:16,152 - Latest stored record ID: 000781814
2026-08-21 00:17:16,152 - Previous record count: 108782
2026-08-21 00:17:16,152 - === FULL FETCH MODE: Collecting all records from all pages ===
2026-08-21 00:17:16,152 - Fetching page 1 via API
2026-08-21 00:17:16,795 - API error on page 1: Network error: Expecting value: line 1 column 1 (char 0) (error 1/5)
2026-08-21 00:17:21,801 - Fetching page 1 via API
2026-08-21 00:17:21,856 - API error on page 1: Network error: Expecting value: line 1 column 1 (char 0) (error 2/5)
2026-08-21 00:17:26,862 - Fetching page 1 via API
2026-08-21 00:17:26,919 - API error on page 1: Network error: Expecting value: line 1 column 1 (char 0) (error 3/5)
2026-08-21 00:17:31,924 - Fetching page 1 via API
2026-08-21 00:17:31,980 - API error on page 1: Network error: Expecting value: line 1 column 1 (char 0) (error 4/5)
2026-08-21 00:17:36,982 - Fetching page 1 via API
2026-08-21 00:17:37,037 - API error on page 1: Network error: Expecting value: line 1 column 1 (char 0) (error 5/5)
2026-08-21 00:17:37,037 - Error getting records: Network error: Expecting value: line 1 column 1 (char 0)
2026-08-21 00:17:37,037 - Error in daily check: Network error: Expecting value: line 1 column 1 (char 0)
