2026-09-19 00:35:31,376 - Data directory: data/2026-09-19_00-35-29
2026-09-19 00:35:31,376 - Output directory: data/2026-09-19_00-35-29
2026-09-19 00:35:31,376 - Fetch all mode: True
2026-09-19 00:35:31,377 - Using data directory: data/2026-09-19_00-35-29
2026-09-19 00:35:31,377 - Looking for previous data in: data
2026-09-19 00:35:31,387 - Loading previous data from: data/2025-10-06_01-28-33/morphosource_data_complete.json
2026-09-19 00:35:31,766 - Loaded 108782 records from previous data file
2026-09-19 00:35:31,766 - Latest stored record ID: 000781814
2026-09-19 00:35:31,766 - Previous record count: 108782
2026-09-19 00:35:31,766 - === FULL FETCH MODE: Collecting all records from all pages ===
2026-09-19 00:35:31,766 - Fetching page 1 via API
2026-09-19 00:35:32,113 - API error on page 1: Network error: Expecting value: line 1 column 1 (char 0) (error 1/5)
2026-09-19 00:35:37,119 - Fetching page 1 via API
2026-09-19 00:35:37,142 - API error on page 1: Network error: Expecting value: line 1 column 1 (char 0) (error 2/5)
2026-09-19 00:35:42,147 - Fetching page 1 via API
2026-09-19 00:35:42,167 - API error on page 1: Network error: Expecting value: line 1 column 1 (char 0) (error 3/5)
2026-09-19 00:35:47,173 - Fetching page 1 via API
2026-09-19 00:35:47,193 - API error on page 1: Network error: Expecting value: line 1 column 1 (char 0) (error 4/5)
2026-09-19 00:35:52,198 - Fetching page 1 via API
2026-09-19 00:35:52,218 - API error on page 1: Network error: Expecting value: line 1 column 1 (char 0) (error 5/5)
2026-09-19 00:35:52,219 - Error getting records: Network error: Expecting value: line 1 column 1 (char 0)
2026-09-19 00:35:52,219 - Error in daily check: Network error: Expecting value: line 1 column 1 (char 0)
