2026-10-01 00:46:15,960 - Data directory: data/2026-10-01_00-46-12
2026-10-01 00:46:15,960 - Output directory: data/2026-10-01_00-46-12
2026-10-01 00:46:15,960 - Fetch all mode: True
2026-10-01 00:46:15,960 - Using data directory: data/2026-10-01_00-46-12
2026-10-01 00:46:15,961 - Looking for previous data in: data
2026-10-01 00:46:15,967 - Loading previous data from: data/2025-10-06_01-28-33/morphosource_data_complete.json
2026-10-01 00:46:16,273 - Loaded 108782 records from previous data file
2026-10-01 00:46:16,273 - Latest stored record ID: 000781814
2026-10-01 00:46:16,273 - Previous record count: 108782
2026-10-01 00:46:16,273 - === FULL FETCH MODE: Collecting all records from all pages ===
2026-10-01 00:46:16,273 - Fetching page 1 via API
2026-10-01 00:46:16,836 - API error on page 1: Network error: Expecting value: line 1 column 1 (char 0) (error 1/5)
2026-10-01 00:46:21,841 - Fetching page 1 via API
2026-10-01 00:46:21,885 - API error on page 1: Network error: Expecting value: line 1 column 1 (char 0) (error 2/5)
2026-10-01 00:46:26,890 - Fetching page 1 via API
2026-10-01 00:46:26,934 - API error on page 1: Network error: Expecting value: line 1 column 1 (char 0) (error 3/5)
2026-10-01 00:46:31,939 - Fetching page 1 via API
2026-10-01 00:46:31,983 - API error on page 1: Network error: Expecting value: line 1 column 1 (char 0) (error 4/5)
2026-10-01 00:46:36,988 - Fetching page 1 via API
2026-10-01 00:46:37,033 - API error on page 1: Network error: Expecting value: line 1 column 1 (char 0) (error 5/5)
2026-10-01 00:46:37,033 - Error getting records: Network error: Expecting value: line 1 column 1 (char 0)
2026-10-01 00:46:37,033 - Error in daily check: Network error: Expecting value: line 1 column 1 (char 0)
