2026-09-09 00:37:00,665 - Data directory: data/2026-09-09_00-36-57
2026-09-09 00:37:00,666 - Output directory: data/2026-09-09_00-36-57
2026-09-09 00:37:00,666 - Fetch all mode: True
2026-09-09 00:37:00,666 - Using data directory: data/2026-09-09_00-36-57
2026-09-09 00:37:00,666 - Looking for previous data in: data
2026-09-09 00:37:00,676 - Loading previous data from: data/2025-10-06_01-28-33/morphosource_data_complete.json
2026-09-09 00:37:01,055 - Loaded 108782 records from previous data file
2026-09-09 00:37:01,055 - Latest stored record ID: 000781814
2026-09-09 00:37:01,055 - Previous record count: 108782
2026-09-09 00:37:01,055 - === FULL FETCH MODE: Collecting all records from all pages ===
2026-09-09 00:37:01,055 - Fetching page 1 via API
2026-09-09 00:37:01,706 - API error on page 1: Network error: Expecting value: line 1 column 1 (char 0) (error 1/5)
2026-09-09 00:37:06,712 - Fetching page 1 via API
2026-09-09 00:37:06,792 - API error on page 1: Network error: Expecting value: line 1 column 1 (char 0) (error 2/5)
2026-09-09 00:37:11,795 - Fetching page 1 via API
2026-09-09 00:37:11,876 - API error on page 1: Network error: Expecting value: line 1 column 1 (char 0) (error 3/5)
2026-09-09 00:37:16,881 - Fetching page 1 via API
2026-09-09 00:37:16,961 - API error on page 1: Network error: Expecting value: line 1 column 1 (char 0) (error 4/5)
2026-09-09 00:37:21,967 - Fetching page 1 via API
2026-09-09 00:37:22,046 - API error on page 1: Network error: Expecting value: line 1 column 1 (char 0) (error 5/5)
2026-09-09 00:37:22,046 - Error getting records: Network error: Expecting value: line 1 column 1 (char 0)
2026-09-09 00:37:22,046 - Error in daily check: Network error: Expecting value: line 1 column 1 (char 0)
