2026-08-25 00:16:47,664 - Data directory: data/2026-08-25_00-16-45
2026-08-25 00:16:47,664 - Output directory: data/2026-08-25_00-16-45
2026-08-25 00:16:47,664 - Fetch all mode: True
2026-08-25 00:16:47,665 - Using data directory: data/2026-08-25_00-16-45
2026-08-25 00:16:47,665 - Looking for previous data in: data
2026-08-25 00:16:47,674 - Loading previous data from: data/2025-10-06_01-28-33/morphosource_data_complete.json
2026-08-25 00:16:48,079 - Loaded 108782 records from previous data file
2026-08-25 00:16:48,080 - Latest stored record ID: 000781814
2026-08-25 00:16:48,080 - Previous record count: 108782
2026-08-25 00:16:48,080 - === FULL FETCH MODE: Collecting all records from all pages ===
2026-08-25 00:16:48,080 - Fetching page 1 via API
2026-08-25 00:16:49,013 - API error on page 1: Network error: Expecting value: line 1 column 1 (char 0) (error 1/5)
2026-08-25 00:16:54,016 - Fetching page 1 via API
2026-08-25 00:16:54,099 - API error on page 1: Network error: Expecting value: line 1 column 1 (char 0) (error 2/5)
2026-08-25 00:16:59,104 - Fetching page 1 via API
2026-08-25 00:16:59,187 - API error on page 1: Network error: Expecting value: line 1 column 1 (char 0) (error 3/5)
2026-08-25 00:17:04,192 - Fetching page 1 via API
2026-08-25 00:17:04,275 - API error on page 1: Network error: Expecting value: line 1 column 1 (char 0) (error 4/5)
2026-08-25 00:17:09,281 - Fetching page 1 via API
2026-08-25 00:17:09,363 - API error on page 1: Network error: Expecting value: line 1 column 1 (char 0) (error 5/5)
2026-08-25 00:17:09,363 - Error getting records: Network error: Expecting value: line 1 column 1 (char 0)
2026-08-25 00:17:09,363 - Error in daily check: Network error: Expecting value: line 1 column 1 (char 0)
