2026-09-15 00:37:48,581 - Data directory: data/2026-09-15_00-37-46
2026-09-15 00:37:48,582 - Output directory: data/2026-09-15_00-37-46
2026-09-15 00:37:48,582 - Fetch all mode: True
2026-09-15 00:37:48,582 - Using data directory: data/2026-09-15_00-37-46
2026-09-15 00:37:48,582 - Looking for previous data in: data
2026-09-15 00:37:48,592 - Loading previous data from: data/2025-10-06_01-28-33/morphosource_data_complete.json
2026-09-15 00:37:48,987 - Loaded 108782 records from previous data file
2026-09-15 00:37:48,987 - Latest stored record ID: 000781814
2026-09-15 00:37:48,987 - Previous record count: 108782
2026-09-15 00:37:48,987 - === FULL FETCH MODE: Collecting all records from all pages ===
2026-09-15 00:37:48,987 - Fetching page 1 via API
2026-09-15 00:37:49,628 - API error on page 1: Network error: Expecting value: line 1 column 1 (char 0) (error 1/5)
2026-09-15 00:37:54,633 - Fetching page 1 via API
2026-09-15 00:37:54,711 - API error on page 1: Network error: Expecting value: line 1 column 1 (char 0) (error 2/5)
2026-09-15 00:37:59,716 - Fetching page 1 via API
2026-09-15 00:37:59,794 - API error on page 1: Network error: Expecting value: line 1 column 1 (char 0) (error 3/5)
2026-09-15 00:38:04,799 - Fetching page 1 via API
2026-09-15 00:38:04,877 - API error on page 1: Network error: Expecting value: line 1 column 1 (char 0) (error 4/5)
2026-09-15 00:38:09,882 - Fetching page 1 via API
2026-09-15 00:38:09,960 - API error on page 1: Network error: Expecting value: line 1 column 1 (char 0) (error 5/5)
2026-09-15 00:38:09,960 - Error getting records: Network error: Expecting value: line 1 column 1 (char 0)
2026-09-15 00:38:09,960 - Error in daily check: Network error: Expecting value: line 1 column 1 (char 0)
