2026-08-02 02:52:10,216 - Data directory: data/2026-08-02_02-52-07
2026-08-02 02:52:10,216 - Output directory: data/2026-08-02_02-52-07
2026-08-02 02:52:10,216 - Fetch all mode: True
2026-08-02 02:52:10,217 - Using data directory: data/2026-08-02_02-52-07
2026-08-02 02:52:10,217 - Looking for previous data in: data
2026-08-02 02:52:10,226 - Loading previous data from: data/2025-10-06_01-28-33/morphosource_data_complete.json
2026-08-02 02:52:10,626 - Loaded 108782 records from previous data file
2026-08-02 02:52:10,626 - Latest stored record ID: 000781814
2026-08-02 02:52:10,626 - Previous record count: 108782
2026-08-02 02:52:10,626 - === FULL FETCH MODE: Collecting all records from all pages ===
2026-08-02 02:52:10,626 - Fetching page 1 via API
2026-08-02 02:52:11,182 - API error on page 1: Network error: Expecting value: line 1 column 1 (char 0) (error 1/5)
2026-08-02 02:52:16,187 - Fetching page 1 via API
2026-08-02 02:52:16,255 - API error on page 1: Network error: Expecting value: line 1 column 1 (char 0) (error 2/5)
2026-08-02 02:52:21,260 - Fetching page 1 via API
2026-08-02 02:52:21,323 - API error on page 1: Network error: Expecting value: line 1 column 1 (char 0) (error 3/5)
2026-08-02 02:52:26,324 - Fetching page 1 via API
2026-08-02 02:52:26,388 - API error on page 1: Network error: Expecting value: line 1 column 1 (char 0) (error 4/5)
2026-08-02 02:52:31,394 - Fetching page 1 via API
2026-08-02 02:52:31,457 - API error on page 1: Network error: Expecting value: line 1 column 1 (char 0) (error 5/5)
2026-08-02 02:52:31,457 - Error getting records: Network error: Expecting value: line 1 column 1 (char 0)
2026-08-02 02:52:31,457 - Error in daily check: Network error: Expecting value: line 1 column 1 (char 0)
