2026-08-13 00:28:11,385 - Data directory: data/2026-08-13_00-28-08
2026-08-13 00:28:11,385 - Output directory: data/2026-08-13_00-28-08
2026-08-13 00:28:11,385 - Fetch all mode: True
2026-08-13 00:28:11,386 - Using data directory: data/2026-08-13_00-28-08
2026-08-13 00:28:11,386 - Looking for previous data in: data
2026-08-13 00:28:11,395 - Loading previous data from: data/2025-10-06_01-28-33/morphosource_data_complete.json
2026-08-13 00:28:11,812 - Loaded 108782 records from previous data file
2026-08-13 00:28:11,812 - Latest stored record ID: 000781814
2026-08-13 00:28:11,812 - Previous record count: 108782
2026-08-13 00:28:11,812 - === FULL FETCH MODE: Collecting all records from all pages ===
2026-08-13 00:28:11,812 - Fetching page 1 via API
2026-08-13 00:28:12,379 - API error on page 1: Network error: Expecting value: line 1 column 1 (char 0) (error 1/5)
2026-08-13 00:28:17,384 - Fetching page 1 via API
2026-08-13 00:28:17,473 - API error on page 1: Network error: Expecting value: line 1 column 1 (char 0) (error 2/5)
2026-08-13 00:28:22,475 - Fetching page 1 via API
2026-08-13 00:28:22,566 - API error on page 1: Network error: Expecting value: line 1 column 1 (char 0) (error 3/5)
2026-08-13 00:28:27,572 - Fetching page 1 via API
2026-08-13 00:28:27,659 - API error on page 1: Network error: Expecting value: line 1 column 1 (char 0) (error 4/5)
2026-08-13 00:28:32,664 - Fetching page 1 via API
2026-08-13 00:28:32,751 - API error on page 1: Network error: Expecting value: line 1 column 1 (char 0) (error 5/5)
2026-08-13 00:28:32,751 - Error getting records: Network error: Expecting value: line 1 column 1 (char 0)
2026-08-13 00:28:32,751 - Error in daily check: Network error: Expecting value: line 1 column 1 (char 0)
