2026-07-31 02:53:39,217 - Data directory: data/2026-07-31_02-53-36
2026-07-31 02:53:39,217 - Output directory: data/2026-07-31_02-53-36
2026-07-31 02:53:39,217 - Fetch all mode: True
2026-07-31 02:53:39,217 - Using data directory: data/2026-07-31_02-53-36
2026-07-31 02:53:39,217 - Looking for previous data in: data
2026-07-31 02:53:39,226 - Loading previous data from: data/2025-10-06_01-28-33/morphosource_data_complete.json
2026-07-31 02:53:39,622 - Loaded 108782 records from previous data file
2026-07-31 02:53:39,623 - Latest stored record ID: 000781814
2026-07-31 02:53:39,623 - Previous record count: 108782
2026-07-31 02:53:39,623 - === FULL FETCH MODE: Collecting all records from all pages ===
2026-07-31 02:53:39,623 - Fetching page 1 via API
2026-07-31 02:53:40,352 - API error on page 1: Network error: Expecting value: line 1 column 1 (char 0) (error 1/5)
2026-07-31 02:53:45,357 - Fetching page 1 via API
2026-07-31 02:53:45,440 - API error on page 1: Network error: Expecting value: line 1 column 1 (char 0) (error 2/5)
2026-07-31 02:53:50,446 - Fetching page 1 via API
2026-07-31 02:53:50,529 - API error on page 1: Network error: Expecting value: line 1 column 1 (char 0) (error 3/5)
2026-07-31 02:53:55,534 - Fetching page 1 via API
2026-07-31 02:53:55,618 - API error on page 1: Network error: Expecting value: line 1 column 1 (char 0) (error 4/5)
2026-07-31 02:54:00,622 - Fetching page 1 via API
2026-07-31 02:54:00,706 - API error on page 1: Network error: Expecting value: line 1 column 1 (char 0) (error 5/5)
2026-07-31 02:54:00,706 - Error getting records: Network error: Expecting value: line 1 column 1 (char 0)
2026-07-31 02:54:00,706 - Error in daily check: Network error: Expecting value: line 1 column 1 (char 0)
