2026-09-05 00:35:30,007 - Data directory: data/2026-09-05_00-35-27
2026-09-05 00:35:30,007 - Output directory: data/2026-09-05_00-35-27
2026-09-05 00:35:30,007 - Fetch all mode: True
2026-09-05 00:35:30,007 - Using data directory: data/2026-09-05_00-35-27
2026-09-05 00:35:30,007 - Looking for previous data in: data
2026-09-05 00:35:30,015 - Loading previous data from: data/2025-10-06_01-28-33/morphosource_data_complete.json
2026-09-05 00:35:30,372 - Loaded 108782 records from previous data file
2026-09-05 00:35:30,373 - Latest stored record ID: 000781814
2026-09-05 00:35:30,373 - Previous record count: 108782
2026-09-05 00:35:30,373 - === FULL FETCH MODE: Collecting all records from all pages ===
2026-09-05 00:35:30,373 - Fetching page 1 via API
2026-09-05 00:35:30,979 - API error on page 1: Network error: Expecting value: line 1 column 1 (char 0) (error 1/5)
2026-09-05 00:35:35,980 - Fetching page 1 via API
2026-09-05 00:35:36,016 - API error on page 1: Network error: Expecting value: line 1 column 1 (char 0) (error 2/5)
2026-09-05 00:35:41,021 - Fetching page 1 via API
2026-09-05 00:35:41,057 - API error on page 1: Network error: Expecting value: line 1 column 1 (char 0) (error 3/5)
2026-09-05 00:35:46,062 - Fetching page 1 via API
2026-09-05 00:35:46,099 - API error on page 1: Network error: Expecting value: line 1 column 1 (char 0) (error 4/5)
2026-09-05 00:35:51,100 - Fetching page 1 via API
2026-09-05 00:35:51,136 - API error on page 1: Network error: Expecting value: line 1 column 1 (char 0) (error 5/5)
2026-09-05 00:35:51,136 - Error getting records: Network error: Expecting value: line 1 column 1 (char 0)
2026-09-05 00:35:51,136 - Error in daily check: Network error: Expecting value: line 1 column 1 (char 0)
