2026-09-06 00:40:53,751 - Data directory: data/2026-09-06_00-40-51
2026-09-06 00:40:53,751 - Output directory: data/2026-09-06_00-40-51
2026-09-06 00:40:53,751 - Fetch all mode: True
2026-09-06 00:40:53,751 - Using data directory: data/2026-09-06_00-40-51
2026-09-06 00:40:53,751 - Looking for previous data in: data
2026-09-06 00:40:53,761 - Loading previous data from: data/2025-10-06_01-28-33/morphosource_data_complete.json
2026-09-06 00:40:54,156 - Loaded 108782 records from previous data file
2026-09-06 00:40:54,156 - Latest stored record ID: 000781814
2026-09-06 00:40:54,156 - Previous record count: 108782
2026-09-06 00:40:54,156 - === FULL FETCH MODE: Collecting all records from all pages ===
2026-09-06 00:40:54,156 - Fetching page 1 via API
2026-09-06 00:40:54,850 - API error on page 1: Network error: Expecting value: line 1 column 1 (char 0) (error 1/5)
2026-09-06 00:40:59,855 - Fetching page 1 via API
2026-09-06 00:40:59,940 - API error on page 1: Network error: Expecting value: line 1 column 1 (char 0) (error 2/5)
2026-09-06 00:41:04,945 - Fetching page 1 via API
2026-09-06 00:41:05,029 - API error on page 1: Network error: Expecting value: line 1 column 1 (char 0) (error 3/5)
2026-09-06 00:41:10,034 - Fetching page 1 via API
2026-09-06 00:41:10,118 - API error on page 1: Network error: Expecting value: line 1 column 1 (char 0) (error 4/5)
2026-09-06 00:41:15,123 - Fetching page 1 via API
2026-09-06 00:41:15,207 - API error on page 1: Network error: Expecting value: line 1 column 1 (char 0) (error 5/5)
2026-09-06 00:41:15,207 - Error getting records: Network error: Expecting value: line 1 column 1 (char 0)
2026-09-06 00:41:15,207 - Error in daily check: Network error: Expecting value: line 1 column 1 (char 0)
