2026-08-19 00:15:47,135 - Data directory: data/2026-08-19_00-15-45
2026-08-19 00:15:47,136 - Output directory: data/2026-08-19_00-15-45
2026-08-19 00:15:47,136 - Fetch all mode: True
2026-08-19 00:15:47,136 - Using data directory: data/2026-08-19_00-15-45
2026-08-19 00:15:47,136 - Looking for previous data in: data
2026-08-19 00:15:47,143 - Loading previous data from: data/2025-10-06_01-28-33/morphosource_data_complete.json
2026-08-19 00:15:47,463 - Loaded 108782 records from previous data file
2026-08-19 00:15:47,463 - Latest stored record ID: 000781814
2026-08-19 00:15:47,463 - Previous record count: 108782
2026-08-19 00:15:47,463 - === FULL FETCH MODE: Collecting all records from all pages ===
2026-08-19 00:15:47,463 - Fetching page 1 via API
2026-08-19 00:15:48,123 - API error on page 1: Network error: Expecting value: line 1 column 1 (char 0) (error 1/5)
2026-08-19 00:15:53,128 - Fetching page 1 via API
2026-08-19 00:15:53,210 - API error on page 1: Network error: Expecting value: line 1 column 1 (char 0) (error 2/5)
2026-08-19 00:15:58,216 - Fetching page 1 via API
2026-08-19 00:15:58,298 - API error on page 1: Network error: Expecting value: line 1 column 1 (char 0) (error 3/5)
2026-08-19 00:16:03,303 - Fetching page 1 via API
2026-08-19 00:16:03,388 - API error on page 1: Network error: Expecting value: line 1 column 1 (char 0) (error 4/5)
2026-08-19 00:16:08,393 - Fetching page 1 via API
2026-08-19 00:16:08,475 - API error on page 1: Network error: Expecting value: line 1 column 1 (char 0) (error 5/5)
2026-08-19 00:16:08,475 - Error getting records: Network error: Expecting value: line 1 column 1 (char 0)
2026-08-19 00:16:08,475 - Error in daily check: Network error: Expecting value: line 1 column 1 (char 0)
